# Licensed to the Apache Software Foundation (ASF) under one or more
# contributor license agreements.  See the NOTICE file distributed with
# this work for additional information regarding copyright ownership.
# The ASF licenses this file to You under the Apache License, Version 2.0
# (the "License"); you may not use this file except in compliance with
# the License.  You may obtain a copy of the License at
#
#     http://www.apache.org/licenses/LICENSE-2.0
#
# Unless required by applicable law or agreed to in writing, software
# distributed under the License is distributed on an "AS IS" BASIS,
# WITHOUT WARRANTIES OR CONDITIONS OF ANY KIND, either express or implied.
# See the License for the specific language governing permissions and
# limitations under the License.

{{- contains . }}
-
{{- contains . }}
  - id: {{ notEmpty .id }}
    kind: SERVER
    name: post /users
    timestamp: {{ ge .timestamp 0}}
    duration: {{ ge .duration 0}}
    localEndpoint:
      serviceName: e2e-service-provider
    remoteEndpoint:
      ipv4: {{ notEmpty .remoteEndpoint.ipv4 }}
  - id: {{ notEmpty .id }}
    parentId: {{ notEmpty .parentId}}
    kind: CLIENT
    name: insert into users (name, id) values (?, ?)
    timestamp: {{ ge .timestamp 0}}
    duration: {{ ge .duration 0}}
    localEndpoint:
      serviceName: e2e-service-provider
  - id: {{ notEmpty .id }}
    parentId: {{ notEmpty .parentId}}
    kind: CLIENT
    name: call next value for hibernate_sequence
    timestamp: {{ ge .timestamp 0}}
    duration: {{ ge .duration 0}}
    localEndpoint:
        serviceName: e2e-service-provider
  - id: {{ notEmpty .id }}
    parentId: {{ notEmpty .parentId}}
    kind: CLIENT
    name: userrepo.save
    timestamp: {{ ge .timestamp 0}}
    duration: {{ ge .duration 0}}
    localEndpoint:
        serviceName: e2e-service-provider
  - id: {{ notEmpty .id }}
    parentId: {{ notEmpty .parentId}}
    kind: CLIENT
    name: select user0_.id as id1_0_0_, user0_.name as name2_0_0_ from users user0_ where user0_.id=?
    timestamp: {{ ge .timestamp 0}}
    duration: {{ ge .duration 0}}
    localEndpoint:
        serviceName: e2e-service-provider
  - id: {{ notEmpty .id }}
    parentId: {{ notEmpty .parentId}}
    kind: SERVER
    name: usercontroller.createauthor
    timestamp: {{ ge .timestamp 0}}
    duration: {{ ge .duration 0}}
    localEndpoint:
        serviceName: e2e-service-provider
{{- end }}
{{- end }}


